// Jest Snapshot v1, https://goo.gl/fbAQLP

exports[`Recipe Cards Display matches snapshot 1`] = `
ShallowWrapper {
  "length": 1,
  Symbol(enzyme.__root__): [Circular],
  Symbol(enzyme.__unrendered__): <RecipeCardsDisplay
    recipeCards={
        Array [
            Object {
              "title": "recipe 1",
            },
            Object {
              "title": "recipe 2",
            },
          ]
    }
/>,
  Symbol(enzyme.__renderer__): Object {
    "batchedUpdates": [Function],
    "getNode": [Function],
    "render": [Function],
    "simulateEvent": [Function],
    "unmount": [Function],
  },
  Symbol(enzyme.__node__): Object {
    "instance": null,
    "key": undefined,
    "nodeType": "host",
    "props": Object {
      "children": Array [
        <div
          className="home-display"
>
          <RecipeCard
                    displayAddToMenu={true}
                    recipe={
                              Object {
                                        "title": "recipe 1",
                                      }
                    }
          />
</div>,
        <div
          className="home-display"
>
          <RecipeCard
                    displayAddToMenu={true}
                    recipe={
                              Object {
                                        "title": "recipe 2",
                                      }
                    }
          />
</div>,
      ],
      "className": "recipe-cards-display",
    },
    "ref": null,
    "rendered": Array [
      Object {
        "instance": null,
        "key": undefined,
        "nodeType": "host",
        "props": Object {
          "children": <RecipeCard
            displayAddToMenu={true}
            recipe={
                        Object {
                                    "title": "recipe 1",
                                  }
            }
/>,
          "className": "home-display",
        },
        "ref": null,
        "rendered": Object {
          "instance": null,
          "key": "recipe 1",
          "nodeType": "function",
          "props": Object {
            "displayAddToMenu": true,
            "recipe": Object {
              "title": "recipe 1",
            },
          },
          "ref": null,
          "rendered": null,
          "type": [Function],
        },
        "type": "div",
      },
      Object {
        "instance": null,
        "key": undefined,
        "nodeType": "host",
        "props": Object {
          "children": <RecipeCard
            displayAddToMenu={true}
            recipe={
                        Object {
                                    "title": "recipe 2",
                                  }
            }
/>,
          "className": "home-display",
        },
        "ref": null,
        "rendered": Object {
          "instance": null,
          "key": "recipe 2",
          "nodeType": "function",
          "props": Object {
            "displayAddToMenu": true,
            "recipe": Object {
              "title": "recipe 2",
            },
          },
          "ref": null,
          "rendered": null,
          "type": [Function],
        },
        "type": "div",
      },
    ],
    "type": "section",
  },
  Symbol(enzyme.__nodes__): Array [
    Object {
      "instance": null,
      "key": undefined,
      "nodeType": "host",
      "props": Object {
        "children": Array [
          <div
            className="home-display"
>
            <RecipeCard
                        displayAddToMenu={true}
                        recipe={
                                    Object {
                                                "title": "recipe 1",
                                              }
                        }
            />
</div>,
          <div
            className="home-display"
>
            <RecipeCard
                        displayAddToMenu={true}
                        recipe={
                                    Object {
                                                "title": "recipe 2",
                                              }
                        }
            />
</div>,
        ],
        "className": "recipe-cards-display",
      },
      "ref": null,
      "rendered": Array [
        Object {
          "instance": null,
          "key": undefined,
          "nodeType": "host",
          "props": Object {
            "children": <RecipeCard
              displayAddToMenu={true}
              recipe={
                            Object {
                                          "title": "recipe 1",
                                        }
              }
/>,
            "className": "home-display",
          },
          "ref": null,
          "rendered": Object {
            "instance": null,
            "key": "recipe 1",
            "nodeType": "function",
            "props": Object {
              "displayAddToMenu": true,
              "recipe": Object {
                "title": "recipe 1",
              },
            },
            "ref": null,
            "rendered": null,
            "type": [Function],
          },
          "type": "div",
        },
        Object {
          "instance": null,
          "key": undefined,
          "nodeType": "host",
          "props": Object {
            "children": <RecipeCard
              displayAddToMenu={true}
              recipe={
                            Object {
                                          "title": "recipe 2",
                                        }
              }
/>,
            "className": "home-display",
          },
          "ref": null,
          "rendered": Object {
            "instance": null,
            "key": "recipe 2",
            "nodeType": "function",
            "props": Object {
              "displayAddToMenu": true,
              "recipe": Object {
                "title": "recipe 2",
              },
            },
            "ref": null,
            "rendered": null,
            "type": [Function],
          },
          "type": "div",
        },
      ],
      "type": "section",
    },
  ],
  Symbol(enzyme.__options__): Object {
    "adapter": ReactSixteenAdapter {
      "options": Object {
        "enableComponentDidUpdateOnSetState": true,
      },
    },
  },
}
`;
