// Jest Snapshot v1, https://goo.gl/fbAQLP

exports[`Add To Menu matches snapshot 1`] = `
ShallowWrapper {
  "length": 1,
  Symbol(enzyme.__root__): [Circular],
  Symbol(enzyme.__unrendered__): <AddToMenu
    addGroceryListToStorage={[Function]}
    addToGroceryList={[Function]}
    addToMenu={[Function]}
    recipe={
        Object {
            "image": "https://www.edamam.com/web-img/e50/e50584043c015a91a26a7",
            "ingredients": Array [
              "1½ pounds fresh red jalapeño peppers, stemmed, seeded, and roughly chopped",
              "8 garlic cloves, peeled and smashed",
              "⅓ cup apple cider vinegar",
              "3 tablespoons tomato paste",
              "3 tablespoons honey",
              "2 tablespoons Paleo-friendly fish sauce (Red Boat!)",
              "1½ teaspoons kosher salt",
            ],
            "title": "Paleo Sriracha recipes",
            "url": "http://nomnompaleo.com/post/36060636540/paleo-sriracha",
          }
    }
/>,
  Symbol(enzyme.__renderer__): Object {
    "batchedUpdates": [Function],
    "getNode": [Function],
    "render": [Function],
    "simulateEvent": [Function],
    "unmount": [Function],
  },
  Symbol(enzyme.__node__): Object {
    "instance": null,
    "key": undefined,
    "nodeType": "host",
    "props": Object {
      "children": Array [
        <p>
          Add this meal to your menu!
</p>,
        <form
          className="add-to-menu"
          onSubmit={[Function]}
>
          <div
                    className="select-category"
          >
                    <select
                              id="weekday"
                              name="weekday"
                              onChange={[Function]}
                    >
                              <option>
                                        SELECT WEEKDAY
                              </option>
                              <option
                                        value="sunday"
                              >
                                        sunday
                              </option>
                              <option
                                        value="monday"
                              >
                                        monday
                              </option>
                              <option
                                        value="tuesday"
                              >
                                        tuesday
                              </option>
                              <option
                                        value="wednesday"
                              >
                                        wednesday
                              </option>
                              <option
                                        value="thursday"
                              >
                                        thursday
                              </option>
                              <option
                                        value="friday"
                              >
                                        friday
                              </option>
                              <option
                                        value="saturday"
                              >
                                        saturday
                              </option>
                    </select>
          </div>
          <div
                    className="select-category"
          >
                    <select
                              id="meal-time"
                              name="mealTime"
                              onChange={[Function]}
                    >
                              <option>
                                        SELECT MEAL-TIME
                              </option>
                              <option
                                        value="breakfast"
                              >
                                        breakfast
                              </option>
                              <option
                                        value="lunch"
                              >
                                        lunch
                              </option>
                              <option
                                        value="dinner"
                              >
                                        dinner
                              </option>
                    </select>
          </div>
          <button
                    type="submit"
          >
                    Add To Menu
          </button>
</form>,
      ],
    },
    "ref": null,
    "rendered": Array [
      Object {
        "instance": null,
        "key": undefined,
        "nodeType": "host",
        "props": Object {
          "children": "Add this meal to your menu!",
        },
        "ref": null,
        "rendered": "Add this meal to your menu!",
        "type": "p",
      },
      Object {
        "instance": null,
        "key": undefined,
        "nodeType": "host",
        "props": Object {
          "children": Array [
            <div
              className="select-category"
>
              <select
                            id="weekday"
                            name="weekday"
                            onChange={[Function]}
              >
                            <option>
                                          SELECT WEEKDAY
                            </option>
                            <option
                                          value="sunday"
                            >
                                          sunday
                            </option>
                            <option
                                          value="monday"
                            >
                                          monday
                            </option>
                            <option
                                          value="tuesday"
                            >
                                          tuesday
                            </option>
                            <option
                                          value="wednesday"
                            >
                                          wednesday
                            </option>
                            <option
                                          value="thursday"
                            >
                                          thursday
                            </option>
                            <option
                                          value="friday"
                            >
                                          friday
                            </option>
                            <option
                                          value="saturday"
                            >
                                          saturday
                            </option>
              </select>
</div>,
            <div
              className="select-category"
>
              <select
                            id="meal-time"
                            name="mealTime"
                            onChange={[Function]}
              >
                            <option>
                                          SELECT MEAL-TIME
                            </option>
                            <option
                                          value="breakfast"
                            >
                                          breakfast
                            </option>
                            <option
                                          value="lunch"
                            >
                                          lunch
                            </option>
                            <option
                                          value="dinner"
                            >
                                          dinner
                            </option>
              </select>
</div>,
            <button
              type="submit"
>
              Add To Menu
</button>,
          ],
          "className": "add-to-menu",
          "onSubmit": [Function],
        },
        "ref": null,
        "rendered": Array [
          Object {
            "instance": null,
            "key": undefined,
            "nodeType": "host",
            "props": Object {
              "children": <select
                id="weekday"
                name="weekday"
                onChange={[Function]}
>
                <option>
                                SELECT WEEKDAY
                </option>
                <option
                                value="sunday"
                >
                                sunday
                </option>
                <option
                                value="monday"
                >
                                monday
                </option>
                <option
                                value="tuesday"
                >
                                tuesday
                </option>
                <option
                                value="wednesday"
                >
                                wednesday
                </option>
                <option
                                value="thursday"
                >
                                thursday
                </option>
                <option
                                value="friday"
                >
                                friday
                </option>
                <option
                                value="saturday"
                >
                                saturday
                </option>
</select>,
              "className": "select-category",
            },
            "ref": null,
            "rendered": Object {
              "instance": null,
              "key": undefined,
              "nodeType": "host",
              "props": Object {
                "children": Array [
                  <option>
                    SELECT WEEKDAY
</option>,
                  Array [
                    <option
                      value="sunday"
>
                      sunday
</option>,
                    <option
                      value="monday"
>
                      monday
</option>,
                    <option
                      value="tuesday"
>
                      tuesday
</option>,
                    <option
                      value="wednesday"
>
                      wednesday
</option>,
                    <option
                      value="thursday"
>
                      thursday
</option>,
                    <option
                      value="friday"
>
                      friday
</option>,
                    <option
                      value="saturday"
>
                      saturday
</option>,
                  ],
                ],
                "id": "weekday",
                "name": "weekday",
                "onChange": [Function],
              },
              "ref": null,
              "rendered": Array [
                Object {
                  "instance": null,
                  "key": undefined,
                  "nodeType": "host",
                  "props": Object {
                    "children": "SELECT WEEKDAY",
                  },
                  "ref": null,
                  "rendered": "SELECT WEEKDAY",
                  "type": "option",
                },
                Object {
                  "instance": null,
                  "key": "sunday",
                  "nodeType": "host",
                  "props": Object {
                    "children": "sunday",
                    "value": "sunday",
                  },
                  "ref": null,
                  "rendered": "sunday",
                  "type": "option",
                },
                Object {
                  "instance": null,
                  "key": "monday",
                  "nodeType": "host",
                  "props": Object {
                    "children": "monday",
                    "value": "monday",
                  },
                  "ref": null,
                  "rendered": "monday",
                  "type": "option",
                },
                Object {
                  "instance": null,
                  "key": "tuesday",
                  "nodeType": "host",
                  "props": Object {
                    "children": "tuesday",
                    "value": "tuesday",
                  },
                  "ref": null,
                  "rendered": "tuesday",
                  "type": "option",
                },
                Object {
                  "instance": null,
                  "key": "wednesday",
                  "nodeType": "host",
                  "props": Object {
                    "children": "wednesday",
                    "value": "wednesday",
                  },
                  "ref": null,
                  "rendered": "wednesday",
                  "type": "option",
                },
                Object {
                  "instance": null,
                  "key": "thursday",
                  "nodeType": "host",
                  "props": Object {
                    "children": "thursday",
                    "value": "thursday",
                  },
                  "ref": null,
                  "rendered": "thursday",
                  "type": "option",
                },
                Object {
                  "instance": null,
                  "key": "friday",
                  "nodeType": "host",
                  "props": Object {
                    "children": "friday",
                    "value": "friday",
                  },
                  "ref": null,
                  "rendered": "friday",
                  "type": "option",
                },
                Object {
                  "instance": null,
                  "key": "saturday",
                  "nodeType": "host",
                  "props": Object {
                    "children": "saturday",
                    "value": "saturday",
                  },
                  "ref": null,
                  "rendered": "saturday",
                  "type": "option",
                },
              ],
              "type": "select",
            },
            "type": "div",
          },
          Object {
            "instance": null,
            "key": undefined,
            "nodeType": "host",
            "props": Object {
              "children": <select
                id="meal-time"
                name="mealTime"
                onChange={[Function]}
>
                <option>
                                SELECT MEAL-TIME
                </option>
                <option
                                value="breakfast"
                >
                                breakfast
                </option>
                <option
                                value="lunch"
                >
                                lunch
                </option>
                <option
                                value="dinner"
                >
                                dinner
                </option>
</select>,
              "className": "select-category",
            },
            "ref": null,
            "rendered": Object {
              "instance": null,
              "key": undefined,
              "nodeType": "host",
              "props": Object {
                "children": Array [
                  <option>
                    SELECT MEAL-TIME
</option>,
                  Array [
                    <option
                      value="breakfast"
>
                      breakfast
</option>,
                    <option
                      value="lunch"
>
                      lunch
</option>,
                    <option
                      value="dinner"
>
                      dinner
</option>,
                  ],
                ],
                "id": "meal-time",
                "name": "mealTime",
                "onChange": [Function],
              },
              "ref": null,
              "rendered": Array [
                Object {
                  "instance": null,
                  "key": undefined,
                  "nodeType": "host",
                  "props": Object {
                    "children": "SELECT MEAL-TIME",
                  },
                  "ref": null,
                  "rendered": "SELECT MEAL-TIME",
                  "type": "option",
                },
                Object {
                  "instance": null,
                  "key": "breakfast",
                  "nodeType": "host",
                  "props": Object {
                    "children": "breakfast",
                    "value": "breakfast",
                  },
                  "ref": null,
                  "rendered": "breakfast",
                  "type": "option",
                },
                Object {
                  "instance": null,
                  "key": "lunch",
                  "nodeType": "host",
                  "props": Object {
                    "children": "lunch",
                    "value": "lunch",
                  },
                  "ref": null,
                  "rendered": "lunch",
                  "type": "option",
                },
                Object {
                  "instance": null,
                  "key": "dinner",
                  "nodeType": "host",
                  "props": Object {
                    "children": "dinner",
                    "value": "dinner",
                  },
                  "ref": null,
                  "rendered": "dinner",
                  "type": "option",
                },
              ],
              "type": "select",
            },
            "type": "div",
          },
          Object {
            "instance": null,
            "key": undefined,
            "nodeType": "host",
            "props": Object {
              "children": "Add To Menu",
              "type": "submit",
            },
            "ref": null,
            "rendered": "Add To Menu",
            "type": "button",
          },
        ],
        "type": "form",
      },
    ],
    "type": "div",
  },
  Symbol(enzyme.__nodes__): Array [
    Object {
      "instance": null,
      "key": undefined,
      "nodeType": "host",
      "props": Object {
        "children": Array [
          <p>
            Add this meal to your menu!
</p>,
          <form
            className="add-to-menu"
            onSubmit={[Function]}
>
            <div
                        className="select-category"
            >
                        <select
                                    id="weekday"
                                    name="weekday"
                                    onChange={[Function]}
                        >
                                    <option>
                                                SELECT WEEKDAY
                                    </option>
                                    <option
                                                value="sunday"
                                    >
                                                sunday
                                    </option>
                                    <option
                                                value="monday"
                                    >
                                                monday
                                    </option>
                                    <option
                                                value="tuesday"
                                    >
                                                tuesday
                                    </option>
                                    <option
                                                value="wednesday"
                                    >
                                                wednesday
                                    </option>
                                    <option
                                                value="thursday"
                                    >
                                                thursday
                                    </option>
                                    <option
                                                value="friday"
                                    >
                                                friday
                                    </option>
                                    <option
                                                value="saturday"
                                    >
                                                saturday
                                    </option>
                        </select>
            </div>
            <div
                        className="select-category"
            >
                        <select
                                    id="meal-time"
                                    name="mealTime"
                                    onChange={[Function]}
                        >
                                    <option>
                                                SELECT MEAL-TIME
                                    </option>
                                    <option
                                                value="breakfast"
                                    >
                                                breakfast
                                    </option>
                                    <option
                                                value="lunch"
                                    >
                                                lunch
                                    </option>
                                    <option
                                                value="dinner"
                                    >
                                                dinner
                                    </option>
                        </select>
            </div>
            <button
                        type="submit"
            >
                        Add To Menu
            </button>
</form>,
        ],
      },
      "ref": null,
      "rendered": Array [
        Object {
          "instance": null,
          "key": undefined,
          "nodeType": "host",
          "props": Object {
            "children": "Add this meal to your menu!",
          },
          "ref": null,
          "rendered": "Add this meal to your menu!",
          "type": "p",
        },
        Object {
          "instance": null,
          "key": undefined,
          "nodeType": "host",
          "props": Object {
            "children": Array [
              <div
                className="select-category"
>
                <select
                                id="weekday"
                                name="weekday"
                                onChange={[Function]}
                >
                                <option>
                                                SELECT WEEKDAY
                                </option>
                                <option
                                                value="sunday"
                                >
                                                sunday
                                </option>
                                <option
                                                value="monday"
                                >
                                                monday
                                </option>
                                <option
                                                value="tuesday"
                                >
                                                tuesday
                                </option>
                                <option
                                                value="wednesday"
                                >
                                                wednesday
                                </option>
                                <option
                                                value="thursday"
                                >
                                                thursday
                                </option>
                                <option
                                                value="friday"
                                >
                                                friday
                                </option>
                                <option
                                                value="saturday"
                                >
                                                saturday
                                </option>
                </select>
</div>,
              <div
                className="select-category"
>
                <select
                                id="meal-time"
                                name="mealTime"
                                onChange={[Function]}
                >
                                <option>
                                                SELECT MEAL-TIME
                                </option>
                                <option
                                                value="breakfast"
                                >
                                                breakfast
                                </option>
                                <option
                                                value="lunch"
                                >
                                                lunch
                                </option>
                                <option
                                                value="dinner"
                                >
                                                dinner
                                </option>
                </select>
</div>,
              <button
                type="submit"
>
                Add To Menu
</button>,
            ],
            "className": "add-to-menu",
            "onSubmit": [Function],
          },
          "ref": null,
          "rendered": Array [
            Object {
              "instance": null,
              "key": undefined,
              "nodeType": "host",
              "props": Object {
                "children": <select
                  id="weekday"
                  name="weekday"
                  onChange={[Function]}
>
                  <option>
                                    SELECT WEEKDAY
                  </option>
                  <option
                                    value="sunday"
                  >
                                    sunday
                  </option>
                  <option
                                    value="monday"
                  >
                                    monday
                  </option>
                  <option
                                    value="tuesday"
                  >
                                    tuesday
                  </option>
                  <option
                                    value="wednesday"
                  >
                                    wednesday
                  </option>
                  <option
                                    value="thursday"
                  >
                                    thursday
                  </option>
                  <option
                                    value="friday"
                  >
                                    friday
                  </option>
                  <option
                                    value="saturday"
                  >
                                    saturday
                  </option>
</select>,
                "className": "select-category",
              },
              "ref": null,
              "rendered": Object {
                "instance": null,
                "key": undefined,
                "nodeType": "host",
                "props": Object {
                  "children": Array [
                    <option>
                      SELECT WEEKDAY
</option>,
                    Array [
                      <option
                        value="sunday"
>
                        sunday
</option>,
                      <option
                        value="monday"
>
                        monday
</option>,
                      <option
                        value="tuesday"
>
                        tuesday
</option>,
                      <option
                        value="wednesday"
>
                        wednesday
</option>,
                      <option
                        value="thursday"
>
                        thursday
</option>,
                      <option
                        value="friday"
>
                        friday
</option>,
                      <option
                        value="saturday"
>
                        saturday
</option>,
                    ],
                  ],
                  "id": "weekday",
                  "name": "weekday",
                  "onChange": [Function],
                },
                "ref": null,
                "rendered": Array [
                  Object {
                    "instance": null,
                    "key": undefined,
                    "nodeType": "host",
                    "props": Object {
                      "children": "SELECT WEEKDAY",
                    },
                    "ref": null,
                    "rendered": "SELECT WEEKDAY",
                    "type": "option",
                  },
                  Object {
                    "instance": null,
                    "key": "sunday",
                    "nodeType": "host",
                    "props": Object {
                      "children": "sunday",
                      "value": "sunday",
                    },
                    "ref": null,
                    "rendered": "sunday",
                    "type": "option",
                  },
                  Object {
                    "instance": null,
                    "key": "monday",
                    "nodeType": "host",
                    "props": Object {
                      "children": "monday",
                      "value": "monday",
                    },
                    "ref": null,
                    "rendered": "monday",
                    "type": "option",
                  },
                  Object {
                    "instance": null,
                    "key": "tuesday",
                    "nodeType": "host",
                    "props": Object {
                      "children": "tuesday",
                      "value": "tuesday",
                    },
                    "ref": null,
                    "rendered": "tuesday",
                    "type": "option",
                  },
                  Object {
                    "instance": null,
                    "key": "wednesday",
                    "nodeType": "host",
                    "props": Object {
                      "children": "wednesday",
                      "value": "wednesday",
                    },
                    "ref": null,
                    "rendered": "wednesday",
                    "type": "option",
                  },
                  Object {
                    "instance": null,
                    "key": "thursday",
                    "nodeType": "host",
                    "props": Object {
                      "children": "thursday",
                      "value": "thursday",
                    },
                    "ref": null,
                    "rendered": "thursday",
                    "type": "option",
                  },
                  Object {
                    "instance": null,
                    "key": "friday",
                    "nodeType": "host",
                    "props": Object {
                      "children": "friday",
                      "value": "friday",
                    },
                    "ref": null,
                    "rendered": "friday",
                    "type": "option",
                  },
                  Object {
                    "instance": null,
                    "key": "saturday",
                    "nodeType": "host",
                    "props": Object {
                      "children": "saturday",
                      "value": "saturday",
                    },
                    "ref": null,
                    "rendered": "saturday",
                    "type": "option",
                  },
                ],
                "type": "select",
              },
              "type": "div",
            },
            Object {
              "instance": null,
              "key": undefined,
              "nodeType": "host",
              "props": Object {
                "children": <select
                  id="meal-time"
                  name="mealTime"
                  onChange={[Function]}
>
                  <option>
                                    SELECT MEAL-TIME
                  </option>
                  <option
                                    value="breakfast"
                  >
                                    breakfast
                  </option>
                  <option
                                    value="lunch"
                  >
                                    lunch
                  </option>
                  <option
                                    value="dinner"
                  >
                                    dinner
                  </option>
</select>,
                "className": "select-category",
              },
              "ref": null,
              "rendered": Object {
                "instance": null,
                "key": undefined,
                "nodeType": "host",
                "props": Object {
                  "children": Array [
                    <option>
                      SELECT MEAL-TIME
</option>,
                    Array [
                      <option
                        value="breakfast"
>
                        breakfast
</option>,
                      <option
                        value="lunch"
>
                        lunch
</option>,
                      <option
                        value="dinner"
>
                        dinner
</option>,
                    ],
                  ],
                  "id": "meal-time",
                  "name": "mealTime",
                  "onChange": [Function],
                },
                "ref": null,
                "rendered": Array [
                  Object {
                    "instance": null,
                    "key": undefined,
                    "nodeType": "host",
                    "props": Object {
                      "children": "SELECT MEAL-TIME",
                    },
                    "ref": null,
                    "rendered": "SELECT MEAL-TIME",
                    "type": "option",
                  },
                  Object {
                    "instance": null,
                    "key": "breakfast",
                    "nodeType": "host",
                    "props": Object {
                      "children": "breakfast",
                      "value": "breakfast",
                    },
                    "ref": null,
                    "rendered": "breakfast",
                    "type": "option",
                  },
                  Object {
                    "instance": null,
                    "key": "lunch",
                    "nodeType": "host",
                    "props": Object {
                      "children": "lunch",
                      "value": "lunch",
                    },
                    "ref": null,
                    "rendered": "lunch",
                    "type": "option",
                  },
                  Object {
                    "instance": null,
                    "key": "dinner",
                    "nodeType": "host",
                    "props": Object {
                      "children": "dinner",
                      "value": "dinner",
                    },
                    "ref": null,
                    "rendered": "dinner",
                    "type": "option",
                  },
                ],
                "type": "select",
              },
              "type": "div",
            },
            Object {
              "instance": null,
              "key": undefined,
              "nodeType": "host",
              "props": Object {
                "children": "Add To Menu",
                "type": "submit",
              },
              "ref": null,
              "rendered": "Add To Menu",
              "type": "button",
            },
          ],
          "type": "form",
        },
      ],
      "type": "div",
    },
  ],
  Symbol(enzyme.__options__): Object {
    "adapter": ReactSixteenAdapter {
      "options": Object {
        "enableComponentDidUpdateOnSetState": true,
      },
    },
  },
}
`;
