// Jest Snapshot v1, https://goo.gl/fbAQLP

exports[`FAVORITES CONTAINER matches snapshot 1`] = `undefined`;
