// Jest Snapshot v1, https://goo.gl/fbAQLP

exports[`Add To Menu matches snapshot 1`] = `
ShallowWrapper {
  "length": 1,
  Symbol(enzyme.__root__): [Circular],
  Symbol(enzyme.__unrendered__): <MenuCalendar
    menu={
        Object {
            "menu": Object {
              "breakfast": Object {
                "title": "Recipe Name",
              },
            },
          }
    }
/>,
  Symbol(enzyme.__renderer__): Object {
    "batchedUpdates": [Function],
    "getNode": [Function],
    "render": [Function],
    "simulateEvent": [Function],
    "unmount": [Function],
  },
  Symbol(enzyme.__node__): Object {
    "instance": null,
    "key": undefined,
    "nodeType": "host",
    "props": Object {
      "children": <ul
        className="week"
>
        <li>
                <h3>
                        Sunday
                </h3>
                <withRouter(Connect(Day))
                        day="sunday"
                />
        </li>
        <li>
                <h3>
                        Monday
                </h3>
                <withRouter(Connect(Day))
                        day="monday"
                />
        </li>
        <li>
                <h3>
                        Tuesday
                </h3>
                <withRouter(Connect(Day))
                        day="tuesday"
                />
        </li>
        <li>
                <h3>
                        Wednesday
                </h3>
                <withRouter(Connect(Day))
                        day="wednesday"
                />
        </li>
        <li>
                <h3>
                        Thursday
                </h3>
                <withRouter(Connect(Day))
                        day="thursday"
                />
        </li>
        <li>
                <h3>
                        Friday
                </h3>
                <withRouter(Connect(Day))
                        day="friday"
                />
        </li>
        <li>
                <h3>
                        Saturday
                </h3>
                <withRouter(Connect(Day))
                        day="saturday"
                />
        </li>
</ul>,
      "className": "menu",
    },
    "ref": null,
    "rendered": Object {
      "instance": null,
      "key": undefined,
      "nodeType": "host",
      "props": Object {
        "children": Array [
          <li>
            <h3>
                        Sunday
            </h3>
            <withRouter(Connect(Day))
                        day="sunday"
            />
</li>,
          <li>
            <h3>
                        Monday
            </h3>
            <withRouter(Connect(Day))
                        day="monday"
            />
</li>,
          <li>
            <h3>
                        Tuesday
            </h3>
            <withRouter(Connect(Day))
                        day="tuesday"
            />
</li>,
          <li>
            <h3>
                        Wednesday
            </h3>
            <withRouter(Connect(Day))
                        day="wednesday"
            />
</li>,
          <li>
            <h3>
                        Thursday
            </h3>
            <withRouter(Connect(Day))
                        day="thursday"
            />
</li>,
          <li>
            <h3>
                        Friday
            </h3>
            <withRouter(Connect(Day))
                        day="friday"
            />
</li>,
          <li>
            <h3>
                        Saturday
            </h3>
            <withRouter(Connect(Day))
                        day="saturday"
            />
</li>,
        ],
        "className": "week",
      },
      "ref": null,
      "rendered": Array [
        Object {
          "instance": null,
          "key": undefined,
          "nodeType": "host",
          "props": Object {
            "children": Array [
              <h3>
                Sunday
</h3>,
              <withRouter(Connect(Day))
                day="sunday"
/>,
            ],
          },
          "ref": null,
          "rendered": Array [
            Object {
              "instance": null,
              "key": undefined,
              "nodeType": "host",
              "props": Object {
                "children": "Sunday",
              },
              "ref": null,
              "rendered": "Sunday",
              "type": "h3",
            },
            Object {
              "instance": null,
              "key": undefined,
              "nodeType": "function",
              "props": Object {
                "day": "sunday",
              },
              "ref": null,
              "rendered": null,
              "type": [Function],
            },
          ],
          "type": "li",
        },
        Object {
          "instance": null,
          "key": undefined,
          "nodeType": "host",
          "props": Object {
            "children": Array [
              <h3>
                Monday
</h3>,
              <withRouter(Connect(Day))
                day="monday"
/>,
            ],
          },
          "ref": null,
          "rendered": Array [
            Object {
              "instance": null,
              "key": undefined,
              "nodeType": "host",
              "props": Object {
                "children": "Monday",
              },
              "ref": null,
              "rendered": "Monday",
              "type": "h3",
            },
            Object {
              "instance": null,
              "key": undefined,
              "nodeType": "function",
              "props": Object {
                "day": "monday",
              },
              "ref": null,
              "rendered": null,
              "type": [Function],
            },
          ],
          "type": "li",
        },
        Object {
          "instance": null,
          "key": undefined,
          "nodeType": "host",
          "props": Object {
            "children": Array [
              <h3>
                Tuesday
</h3>,
              <withRouter(Connect(Day))
                day="tuesday"
/>,
            ],
          },
          "ref": null,
          "rendered": Array [
            Object {
              "instance": null,
              "key": undefined,
              "nodeType": "host",
              "props": Object {
                "children": "Tuesday",
              },
              "ref": null,
              "rendered": "Tuesday",
              "type": "h3",
            },
            Object {
              "instance": null,
              "key": undefined,
              "nodeType": "function",
              "props": Object {
                "day": "tuesday",
              },
              "ref": null,
              "rendered": null,
              "type": [Function],
            },
          ],
          "type": "li",
        },
        Object {
          "instance": null,
          "key": undefined,
          "nodeType": "host",
          "props": Object {
            "children": Array [
              <h3>
                Wednesday
</h3>,
              <withRouter(Connect(Day))
                day="wednesday"
/>,
            ],
          },
          "ref": null,
          "rendered": Array [
            Object {
              "instance": null,
              "key": undefined,
              "nodeType": "host",
              "props": Object {
                "children": "Wednesday",
              },
              "ref": null,
              "rendered": "Wednesday",
              "type": "h3",
            },
            Object {
              "instance": null,
              "key": undefined,
              "nodeType": "function",
              "props": Object {
                "day": "wednesday",
              },
              "ref": null,
              "rendered": null,
              "type": [Function],
            },
          ],
          "type": "li",
        },
        Object {
          "instance": null,
          "key": undefined,
          "nodeType": "host",
          "props": Object {
            "children": Array [
              <h3>
                Thursday
</h3>,
              <withRouter(Connect(Day))
                day="thursday"
/>,
            ],
          },
          "ref": null,
          "rendered": Array [
            Object {
              "instance": null,
              "key": undefined,
              "nodeType": "host",
              "props": Object {
                "children": "Thursday",
              },
              "ref": null,
              "rendered": "Thursday",
              "type": "h3",
            },
            Object {
              "instance": null,
              "key": undefined,
              "nodeType": "function",
              "props": Object {
                "day": "thursday",
              },
              "ref": null,
              "rendered": null,
              "type": [Function],
            },
          ],
          "type": "li",
        },
        Object {
          "instance": null,
          "key": undefined,
          "nodeType": "host",
          "props": Object {
            "children": Array [
              <h3>
                Friday
</h3>,
              <withRouter(Connect(Day))
                day="friday"
/>,
            ],
          },
          "ref": null,
          "rendered": Array [
            Object {
              "instance": null,
              "key": undefined,
              "nodeType": "host",
              "props": Object {
                "children": "Friday",
              },
              "ref": null,
              "rendered": "Friday",
              "type": "h3",
            },
            Object {
              "instance": null,
              "key": undefined,
              "nodeType": "function",
              "props": Object {
                "day": "friday",
              },
              "ref": null,
              "rendered": null,
              "type": [Function],
            },
          ],
          "type": "li",
        },
        Object {
          "instance": null,
          "key": undefined,
          "nodeType": "host",
          "props": Object {
            "children": Array [
              <h3>
                Saturday
</h3>,
              <withRouter(Connect(Day))
                day="saturday"
/>,
            ],
          },
          "ref": null,
          "rendered": Array [
            Object {
              "instance": null,
              "key": undefined,
              "nodeType": "host",
              "props": Object {
                "children": "Saturday",
              },
              "ref": null,
              "rendered": "Saturday",
              "type": "h3",
            },
            Object {
              "instance": null,
              "key": undefined,
              "nodeType": "function",
              "props": Object {
                "day": "saturday",
              },
              "ref": null,
              "rendered": null,
              "type": [Function],
            },
          ],
          "type": "li",
        },
      ],
      "type": "ul",
    },
    "type": "section",
  },
  Symbol(enzyme.__nodes__): Array [
    Object {
      "instance": null,
      "key": undefined,
      "nodeType": "host",
      "props": Object {
        "children": <ul
          className="week"
>
          <li>
                    <h3>
                              Sunday
                    </h3>
                    <withRouter(Connect(Day))
                              day="sunday"
                    />
          </li>
          <li>
                    <h3>
                              Monday
                    </h3>
                    <withRouter(Connect(Day))
                              day="monday"
                    />
          </li>
          <li>
                    <h3>
                              Tuesday
                    </h3>
                    <withRouter(Connect(Day))
                              day="tuesday"
                    />
          </li>
          <li>
                    <h3>
                              Wednesday
                    </h3>
                    <withRouter(Connect(Day))
                              day="wednesday"
                    />
          </li>
          <li>
                    <h3>
                              Thursday
                    </h3>
                    <withRouter(Connect(Day))
                              day="thursday"
                    />
          </li>
          <li>
                    <h3>
                              Friday
                    </h3>
                    <withRouter(Connect(Day))
                              day="friday"
                    />
          </li>
          <li>
                    <h3>
                              Saturday
                    </h3>
                    <withRouter(Connect(Day))
                              day="saturday"
                    />
          </li>
</ul>,
        "className": "menu",
      },
      "ref": null,
      "rendered": Object {
        "instance": null,
        "key": undefined,
        "nodeType": "host",
        "props": Object {
          "children": Array [
            <li>
              <h3>
                            Sunday
              </h3>
              <withRouter(Connect(Day))
                            day="sunday"
              />
</li>,
            <li>
              <h3>
                            Monday
              </h3>
              <withRouter(Connect(Day))
                            day="monday"
              />
</li>,
            <li>
              <h3>
                            Tuesday
              </h3>
              <withRouter(Connect(Day))
                            day="tuesday"
              />
</li>,
            <li>
              <h3>
                            Wednesday
              </h3>
              <withRouter(Connect(Day))
                            day="wednesday"
              />
</li>,
            <li>
              <h3>
                            Thursday
              </h3>
              <withRouter(Connect(Day))
                            day="thursday"
              />
</li>,
            <li>
              <h3>
                            Friday
              </h3>
              <withRouter(Connect(Day))
                            day="friday"
              />
</li>,
            <li>
              <h3>
                            Saturday
              </h3>
              <withRouter(Connect(Day))
                            day="saturday"
              />
</li>,
          ],
          "className": "week",
        },
        "ref": null,
        "rendered": Array [
          Object {
            "instance": null,
            "key": undefined,
            "nodeType": "host",
            "props": Object {
              "children": Array [
                <h3>
                  Sunday
</h3>,
                <withRouter(Connect(Day))
                  day="sunday"
/>,
              ],
            },
            "ref": null,
            "rendered": Array [
              Object {
                "instance": null,
                "key": undefined,
                "nodeType": "host",
                "props": Object {
                  "children": "Sunday",
                },
                "ref": null,
                "rendered": "Sunday",
                "type": "h3",
              },
              Object {
                "instance": null,
                "key": undefined,
                "nodeType": "function",
                "props": Object {
                  "day": "sunday",
                },
                "ref": null,
                "rendered": null,
                "type": [Function],
              },
            ],
            "type": "li",
          },
          Object {
            "instance": null,
            "key": undefined,
            "nodeType": "host",
            "props": Object {
              "children": Array [
                <h3>
                  Monday
</h3>,
                <withRouter(Connect(Day))
                  day="monday"
/>,
              ],
            },
            "ref": null,
            "rendered": Array [
              Object {
                "instance": null,
                "key": undefined,
                "nodeType": "host",
                "props": Object {
                  "children": "Monday",
                },
                "ref": null,
                "rendered": "Monday",
                "type": "h3",
              },
              Object {
                "instance": null,
                "key": undefined,
                "nodeType": "function",
                "props": Object {
                  "day": "monday",
                },
                "ref": null,
                "rendered": null,
                "type": [Function],
              },
            ],
            "type": "li",
          },
          Object {
            "instance": null,
            "key": undefined,
            "nodeType": "host",
            "props": Object {
              "children": Array [
                <h3>
                  Tuesday
</h3>,
                <withRouter(Connect(Day))
                  day="tuesday"
/>,
              ],
            },
            "ref": null,
            "rendered": Array [
              Object {
                "instance": null,
                "key": undefined,
                "nodeType": "host",
                "props": Object {
                  "children": "Tuesday",
                },
                "ref": null,
                "rendered": "Tuesday",
                "type": "h3",
              },
              Object {
                "instance": null,
                "key": undefined,
                "nodeType": "function",
                "props": Object {
                  "day": "tuesday",
                },
                "ref": null,
                "rendered": null,
                "type": [Function],
              },
            ],
            "type": "li",
          },
          Object {
            "instance": null,
            "key": undefined,
            "nodeType": "host",
            "props": Object {
              "children": Array [
                <h3>
                  Wednesday
</h3>,
                <withRouter(Connect(Day))
                  day="wednesday"
/>,
              ],
            },
            "ref": null,
            "rendered": Array [
              Object {
                "instance": null,
                "key": undefined,
                "nodeType": "host",
                "props": Object {
                  "children": "Wednesday",
                },
                "ref": null,
                "rendered": "Wednesday",
                "type": "h3",
              },
              Object {
                "instance": null,
                "key": undefined,
                "nodeType": "function",
                "props": Object {
                  "day": "wednesday",
                },
                "ref": null,
                "rendered": null,
                "type": [Function],
              },
            ],
            "type": "li",
          },
          Object {
            "instance": null,
            "key": undefined,
            "nodeType": "host",
            "props": Object {
              "children": Array [
                <h3>
                  Thursday
</h3>,
                <withRouter(Connect(Day))
                  day="thursday"
/>,
              ],
            },
            "ref": null,
            "rendered": Array [
              Object {
                "instance": null,
                "key": undefined,
                "nodeType": "host",
                "props": Object {
                  "children": "Thursday",
                },
                "ref": null,
                "rendered": "Thursday",
                "type": "h3",
              },
              Object {
                "instance": null,
                "key": undefined,
                "nodeType": "function",
                "props": Object {
                  "day": "thursday",
                },
                "ref": null,
                "rendered": null,
                "type": [Function],
              },
            ],
            "type": "li",
          },
          Object {
            "instance": null,
            "key": undefined,
            "nodeType": "host",
            "props": Object {
              "children": Array [
                <h3>
                  Friday
</h3>,
                <withRouter(Connect(Day))
                  day="friday"
/>,
              ],
            },
            "ref": null,
            "rendered": Array [
              Object {
                "instance": null,
                "key": undefined,
                "nodeType": "host",
                "props": Object {
                  "children": "Friday",
                },
                "ref": null,
                "rendered": "Friday",
                "type": "h3",
              },
              Object {
                "instance": null,
                "key": undefined,
                "nodeType": "function",
                "props": Object {
                  "day": "friday",
                },
                "ref": null,
                "rendered": null,
                "type": [Function],
              },
            ],
            "type": "li",
          },
          Object {
            "instance": null,
            "key": undefined,
            "nodeType": "host",
            "props": Object {
              "children": Array [
                <h3>
                  Saturday
</h3>,
                <withRouter(Connect(Day))
                  day="saturday"
/>,
              ],
            },
            "ref": null,
            "rendered": Array [
              Object {
                "instance": null,
                "key": undefined,
                "nodeType": "host",
                "props": Object {
                  "children": "Saturday",
                },
                "ref": null,
                "rendered": "Saturday",
                "type": "h3",
              },
              Object {
                "instance": null,
                "key": undefined,
                "nodeType": "function",
                "props": Object {
                  "day": "saturday",
                },
                "ref": null,
                "rendered": null,
                "type": [Function],
              },
            ],
            "type": "li",
          },
        ],
        "type": "ul",
      },
      "type": "section",
    },
  ],
  Symbol(enzyme.__options__): Object {
    "adapter": ReactSixteenAdapter {
      "options": Object {
        "enableComponentDidUpdateOnSetState": true,
      },
    },
  },
}
`;
