// Jest Snapshot v1, https://goo.gl/fbAQLP

exports[`Home matches snapshot 1`] = `
ShallowWrapper {
  "length": 1,
  Symbol(enzyme.__root__): [Circular],
  Symbol(enzyme.__unrendered__): <Home
    chooseCategory={[Function]}
    recipeCards={Array []}
    recipesHasErrored=""
    recipesIsLoading={false}
/>,
  Symbol(enzyme.__renderer__): Object {
    "batchedUpdates": [Function],
    "getNode": [Function],
    "render": [Function],
    "simulateEvent": [Function],
    "unmount": [Function],
  },
  Symbol(enzyme.__node__): Object {
    "instance": null,
    "key": undefined,
    "nodeType": "host",
    "props": Object {
      "children": Array [
        <h2>
          Select Category
</h2>,
        <div
          className="select-category"
>
          <select
                    id="category"
                    onChange={[Function]}
          >
                    <option>
                              SELECT CATEGORY
                    </option>
                    <option
                              value="paleo"
                    >
                              Paleo
                    </option>
                    <option
                              value="vegetarian"
                    >
                              Vegetarian
                    </option>
                    <option
                              value="vegan"
                    >
                              Vegan
                    </option>
          </select>
</div>,
        <input
          className="search"
          placeholder="Search"
          type="text"
/>,
        null,
        null,
        <p
          className="welcome-message"
>
          Welcome to your easy-peasy seven day meal planner!
</p>,
        <div
          className="display-cards"
>
          <RecipeCardsDisplay
                    recipeCards={Array []}
          />
</div>,
      ],
      "className": "home",
    },
    "ref": null,
    "rendered": Array [
      Object {
        "instance": null,
        "key": undefined,
        "nodeType": "host",
        "props": Object {
          "children": "Select Category",
        },
        "ref": null,
        "rendered": "Select Category",
        "type": "h2",
      },
      Object {
        "instance": null,
        "key": undefined,
        "nodeType": "host",
        "props": Object {
          "children": <select
            id="category"
            onChange={[Function]}
>
            <option>
                        SELECT CATEGORY
            </option>
            <option
                        value="paleo"
            >
                        Paleo
            </option>
            <option
                        value="vegetarian"
            >
                        Vegetarian
            </option>
            <option
                        value="vegan"
            >
                        Vegan
            </option>
</select>,
          "className": "select-category",
        },
        "ref": null,
        "rendered": Object {
          "instance": null,
          "key": undefined,
          "nodeType": "host",
          "props": Object {
            "children": Array [
              <option>
                SELECT CATEGORY
</option>,
              <option
                value="paleo"
>
                Paleo
</option>,
              <option
                value="vegetarian"
>
                Vegetarian
</option>,
              <option
                value="vegan"
>
                Vegan
</option>,
            ],
            "id": "category",
            "onChange": [Function],
          },
          "ref": null,
          "rendered": Array [
            Object {
              "instance": null,
              "key": undefined,
              "nodeType": "host",
              "props": Object {
                "children": "SELECT CATEGORY",
              },
              "ref": null,
              "rendered": "SELECT CATEGORY",
              "type": "option",
            },
            Object {
              "instance": null,
              "key": undefined,
              "nodeType": "host",
              "props": Object {
                "children": "Paleo",
                "value": "paleo",
              },
              "ref": null,
              "rendered": "Paleo",
              "type": "option",
            },
            Object {
              "instance": null,
              "key": undefined,
              "nodeType": "host",
              "props": Object {
                "children": "Vegetarian",
                "value": "vegetarian",
              },
              "ref": null,
              "rendered": "Vegetarian",
              "type": "option",
            },
            Object {
              "instance": null,
              "key": undefined,
              "nodeType": "host",
              "props": Object {
                "children": "Vegan",
                "value": "vegan",
              },
              "ref": null,
              "rendered": "Vegan",
              "type": "option",
            },
          ],
          "type": "select",
        },
        "type": "div",
      },
      Object {
        "instance": null,
        "key": undefined,
        "nodeType": "host",
        "props": Object {
          "className": "search",
          "placeholder": "Search",
          "type": "text",
        },
        "ref": null,
        "rendered": null,
        "type": "input",
      },
      null,
      null,
      Object {
        "instance": null,
        "key": undefined,
        "nodeType": "host",
        "props": Object {
          "children": "Welcome to your easy-peasy seven day meal planner!",
          "className": "welcome-message",
        },
        "ref": null,
        "rendered": "Welcome to your easy-peasy seven day meal planner!",
        "type": "p",
      },
      Object {
        "instance": null,
        "key": undefined,
        "nodeType": "host",
        "props": Object {
          "children": <RecipeCardsDisplay
            recipeCards={Array []}
/>,
          "className": "display-cards",
        },
        "ref": null,
        "rendered": Object {
          "instance": null,
          "key": undefined,
          "nodeType": "function",
          "props": Object {
            "recipeCards": Array [],
          },
          "ref": null,
          "rendered": null,
          "type": [Function],
        },
        "type": "div",
      },
    ],
    "type": "section",
  },
  Symbol(enzyme.__nodes__): Array [
    Object {
      "instance": null,
      "key": undefined,
      "nodeType": "host",
      "props": Object {
        "children": Array [
          <h2>
            Select Category
</h2>,
          <div
            className="select-category"
>
            <select
                        id="category"
                        onChange={[Function]}
            >
                        <option>
                                    SELECT CATEGORY
                        </option>
                        <option
                                    value="paleo"
                        >
                                    Paleo
                        </option>
                        <option
                                    value="vegetarian"
                        >
                                    Vegetarian
                        </option>
                        <option
                                    value="vegan"
                        >
                                    Vegan
                        </option>
            </select>
</div>,
          <input
            className="search"
            placeholder="Search"
            type="text"
/>,
          null,
          null,
          <p
            className="welcome-message"
>
            Welcome to your easy-peasy seven day meal planner!
</p>,
          <div
            className="display-cards"
>
            <RecipeCardsDisplay
                        recipeCards={Array []}
            />
</div>,
        ],
        "className": "home",
      },
      "ref": null,
      "rendered": Array [
        Object {
          "instance": null,
          "key": undefined,
          "nodeType": "host",
          "props": Object {
            "children": "Select Category",
          },
          "ref": null,
          "rendered": "Select Category",
          "type": "h2",
        },
        Object {
          "instance": null,
          "key": undefined,
          "nodeType": "host",
          "props": Object {
            "children": <select
              id="category"
              onChange={[Function]}
>
              <option>
                            SELECT CATEGORY
              </option>
              <option
                            value="paleo"
              >
                            Paleo
              </option>
              <option
                            value="vegetarian"
              >
                            Vegetarian
              </option>
              <option
                            value="vegan"
              >
                            Vegan
              </option>
</select>,
            "className": "select-category",
          },
          "ref": null,
          "rendered": Object {
            "instance": null,
            "key": undefined,
            "nodeType": "host",
            "props": Object {
              "children": Array [
                <option>
                  SELECT CATEGORY
</option>,
                <option
                  value="paleo"
>
                  Paleo
</option>,
                <option
                  value="vegetarian"
>
                  Vegetarian
</option>,
                <option
                  value="vegan"
>
                  Vegan
</option>,
              ],
              "id": "category",
              "onChange": [Function],
            },
            "ref": null,
            "rendered": Array [
              Object {
                "instance": null,
                "key": undefined,
                "nodeType": "host",
                "props": Object {
                  "children": "SELECT CATEGORY",
                },
                "ref": null,
                "rendered": "SELECT CATEGORY",
                "type": "option",
              },
              Object {
                "instance": null,
                "key": undefined,
                "nodeType": "host",
                "props": Object {
                  "children": "Paleo",
                  "value": "paleo",
                },
                "ref": null,
                "rendered": "Paleo",
                "type": "option",
              },
              Object {
                "instance": null,
                "key": undefined,
                "nodeType": "host",
                "props": Object {
                  "children": "Vegetarian",
                  "value": "vegetarian",
                },
                "ref": null,
                "rendered": "Vegetarian",
                "type": "option",
              },
              Object {
                "instance": null,
                "key": undefined,
                "nodeType": "host",
                "props": Object {
                  "children": "Vegan",
                  "value": "vegan",
                },
                "ref": null,
                "rendered": "Vegan",
                "type": "option",
              },
            ],
            "type": "select",
          },
          "type": "div",
        },
        Object {
          "instance": null,
          "key": undefined,
          "nodeType": "host",
          "props": Object {
            "className": "search",
            "placeholder": "Search",
            "type": "text",
          },
          "ref": null,
          "rendered": null,
          "type": "input",
        },
        null,
        null,
        Object {
          "instance": null,
          "key": undefined,
          "nodeType": "host",
          "props": Object {
            "children": "Welcome to your easy-peasy seven day meal planner!",
            "className": "welcome-message",
          },
          "ref": null,
          "rendered": "Welcome to your easy-peasy seven day meal planner!",
          "type": "p",
        },
        Object {
          "instance": null,
          "key": undefined,
          "nodeType": "host",
          "props": Object {
            "children": <RecipeCardsDisplay
              recipeCards={Array []}
/>,
            "className": "display-cards",
          },
          "ref": null,
          "rendered": Object {
            "instance": null,
            "key": undefined,
            "nodeType": "function",
            "props": Object {
              "recipeCards": Array [],
            },
            "ref": null,
            "rendered": null,
            "type": [Function],
          },
          "type": "div",
        },
      ],
      "type": "section",
    },
  ],
  Symbol(enzyme.__options__): Object {
    "adapter": ReactSixteenAdapter {
      "options": Object {
        "enableComponentDidUpdateOnSetState": true,
      },
    },
  },
}
`;
