// Jest Snapshot v1, https://goo.gl/fbAQLP

exports[`FAVORITES matches snapshot 1`] = `
ShallowWrapper {
  "length": 1,
  Symbol(enzyme.__root__): [Circular],
  Symbol(enzyme.__unrendered__): <Favorites
    favorites={
        Array [
            Object {
              "title": "recipe",
            },
            Object {
              "title": "recipe",
            },
          ]
    }
/>,
  Symbol(enzyme.__renderer__): Object {
    "batchedUpdates": [Function],
    "getNode": [Function],
    "render": [Function],
    "simulateEvent": [Function],
    "unmount": [Function],
  },
  Symbol(enzyme.__node__): Object {
    "instance": null,
    "key": undefined,
    "nodeType": "host",
    "props": Object {
      "children": <RecipeCardsDisplay
        recipeCards={
                Array [
                        Object {
                          "title": "recipe",
                        },
                        Object {
                          "title": "recipe",
                        },
                      ]
        }
/>,
      "className": "display-cards",
    },
    "ref": null,
    "rendered": Object {
      "instance": null,
      "key": undefined,
      "nodeType": "function",
      "props": Object {
        "recipeCards": Array [
          Object {
            "title": "recipe",
          },
          Object {
            "title": "recipe",
          },
        ],
      },
      "ref": null,
      "rendered": null,
      "type": [Function],
    },
    "type": "div",
  },
  Symbol(enzyme.__nodes__): Array [
    Object {
      "instance": null,
      "key": undefined,
      "nodeType": "host",
      "props": Object {
        "children": <RecipeCardsDisplay
          recipeCards={
                    Array [
                              Object {
                                "title": "recipe",
                              },
                              Object {
                                "title": "recipe",
                              },
                            ]
          }
/>,
        "className": "display-cards",
      },
      "ref": null,
      "rendered": Object {
        "instance": null,
        "key": undefined,
        "nodeType": "function",
        "props": Object {
          "recipeCards": Array [
            Object {
              "title": "recipe",
            },
            Object {
              "title": "recipe",
            },
          ],
        },
        "ref": null,
        "rendered": null,
        "type": [Function],
      },
      "type": "div",
    },
  ],
  Symbol(enzyme.__options__): Object {
    "adapter": ReactSixteenAdapter {
      "options": Object {
        "enableComponentDidUpdateOnSetState": true,
      },
    },
  },
}
`;
