// Jest Snapshot v1, https://goo.gl/fbAQLP

exports[`App matches snapshot 1`] = `
ShallowWrapper {
  "length": 1,
  Symbol(enzyme.__root__): [Circular],
  Symbol(enzyme.__unrendered__): <App />,
  Symbol(enzyme.__renderer__): Object {
    "batchedUpdates": [Function],
    "getNode": [Function],
    "render": [Function],
    "simulateEvent": [Function],
    "unmount": [Function],
  },
  Symbol(enzyme.__node__): Object {
    "instance": null,
    "key": undefined,
    "nodeType": "host",
    "props": Object {
      "children": <select
        id="diet-plan"
>
        <option
                value="paleo"
        >
                Paleo
        </option>
        <option
                value="vegetarian"
        >
                Vegetarian
        </option>
        <option
                value="vegan"
        >
                Vegan
        </option>
</select>,
      "className": "App",
    },
    "ref": null,
    "rendered": Object {
      "instance": null,
      "key": undefined,
      "nodeType": "host",
      "props": Object {
        "children": Array [
          <option
            value="paleo"
>
            Paleo
</option>,
          <option
            value="vegetarian"
>
            Vegetarian
</option>,
          <option
            value="vegan"
>
            Vegan
</option>,
        ],
        "id": "diet-plan",
      },
      "ref": null,
      "rendered": Array [
        Object {
          "instance": null,
          "key": undefined,
          "nodeType": "host",
          "props": Object {
            "children": "Paleo",
            "value": "paleo",
          },
          "ref": null,
          "rendered": "Paleo",
          "type": "option",
        },
        Object {
          "instance": null,
          "key": undefined,
          "nodeType": "host",
          "props": Object {
            "children": "Vegetarian",
            "value": "vegetarian",
          },
          "ref": null,
          "rendered": "Vegetarian",
          "type": "option",
        },
        Object {
          "instance": null,
          "key": undefined,
          "nodeType": "host",
          "props": Object {
            "children": "Vegan",
            "value": "vegan",
          },
          "ref": null,
          "rendered": "Vegan",
          "type": "option",
        },
      ],
      "type": "select",
    },
    "type": "div",
  },
  Symbol(enzyme.__nodes__): Array [
    Object {
      "instance": null,
      "key": undefined,
      "nodeType": "host",
      "props": Object {
        "children": <select
          id="diet-plan"
>
          <option
                    value="paleo"
          >
                    Paleo
          </option>
          <option
                    value="vegetarian"
          >
                    Vegetarian
          </option>
          <option
                    value="vegan"
          >
                    Vegan
          </option>
</select>,
        "className": "App",
      },
      "ref": null,
      "rendered": Object {
        "instance": null,
        "key": undefined,
        "nodeType": "host",
        "props": Object {
          "children": Array [
            <option
              value="paleo"
>
              Paleo
</option>,
            <option
              value="vegetarian"
>
              Vegetarian
</option>,
            <option
              value="vegan"
>
              Vegan
</option>,
          ],
          "id": "diet-plan",
        },
        "ref": null,
        "rendered": Array [
          Object {
            "instance": null,
            "key": undefined,
            "nodeType": "host",
            "props": Object {
              "children": "Paleo",
              "value": "paleo",
            },
            "ref": null,
            "rendered": "Paleo",
            "type": "option",
          },
          Object {
            "instance": null,
            "key": undefined,
            "nodeType": "host",
            "props": Object {
              "children": "Vegetarian",
              "value": "vegetarian",
            },
            "ref": null,
            "rendered": "Vegetarian",
            "type": "option",
          },
          Object {
            "instance": null,
            "key": undefined,
            "nodeType": "host",
            "props": Object {
              "children": "Vegan",
              "value": "vegan",
            },
            "ref": null,
            "rendered": "Vegan",
            "type": "option",
          },
        ],
        "type": "select",
      },
      "type": "div",
    },
  ],
  Symbol(enzyme.__options__): Object {
    "adapter": ReactSixteenAdapter {
      "options": Object {
        "enableComponentDidUpdateOnSetState": true,
      },
    },
  },
}
`;
