// Jest Snapshot v1, https://goo.gl/fbAQLP

exports[`App matches the snapshot 1`] = `
<div
  className="App"
>
  <header
    className="App-header"
  >
    <h1
      className="App-title"
    >
      IdeaBox
    </h1>
    <form
      onSubmit={[Function]}
    >
      <input
        name="title"
        onChange={[Function]}
        type="text"
        value=""
      />
      <input
        name="body"
        onChange={[Function]}
        type="text"
        value=""
      />
      <button>
        Submit
      </button>
    </form>
  </header>
  <div />
</div>
`;
